[Log: 2025-04-07 20:27:36 | This is a log message.]
[Log: 2025-04-07 20:27:36 | This is a debug message with file logging.]
[Log: 2025-04-07 20:31:09 | This is a log message.]
[Log: 2025-04-07 20:31:09 | This is a debug message with file logging.]
[Log: 2025-04-07 20:32:17 | This is a log message.]
[Log: 2025-04-07 20:32:17 | This is a debug message with file logging.]
[Log: 2025-04-07 20:33:34 | This is a log message.]
[Log: 2025-04-07 20:33:34 | This is a debug message with file logging.]
[Log: 2025-04-07 20:34:01 | This is a log message.]
[Log: 2025-04-07 20:34:01 | This is a debug message with file logging.]
[Log: 2025-04-07 20:36:18 | This is a log message.]
[Log: 2025-04-07 20:36:18 | This is a debug message with file logging.]
[Log: 2025-04-07 20:36:29 | This is a log message.]
[Log: 2025-04-07 20:36:29 | This is a debug message with file logging.]
[Log: 2025-04-07 20:39:03 | This is a log message.]
[Log: 2025-04-07 20:39:03 | This is a debug message with file logging.]
[Log: 2025-04-07 20:39:06 | This is a log message.]
[Log: 2025-04-07 20:39:07 | This is a debug message with file logging.]
[Log: 2025-04-07 20:40:27 | This is a log message.]
[Log: 2025-04-07 20:40:27 | This is another log message.]
[Log: 2025-04-07 20:40:27 | This is a debug message with file logging.]
